// Jest Snapshot v1, https://goo.gl/fbAQLP

exports[`TableCard Component matches snapshot 1`] = `
<DocumentFragment>
  <a
    class="w-full"
    href="/admin/tables/users"
  >
    <div
      class="card-bordered cursor-pointer flex items-center justify-between h-18"
    >
      <div
        class="flex flex-col"
      >
        <h1
          class="text-medium"
        >
          Users
        </h1>
      </div>
      <svg
        class="size-4"
        fill="none"
        stroke="currentColor"
        stroke-width="3"
        viewBox="0 0 24 24"
        xmlns="http://www.w3.org/2000/svg"
      >
        <path
          d="M9 5l7 7-7 7"
          stroke-linecap="round"
          stroke-linejoin="round"
        />
      </svg>
    </div>
  </a>
</DocumentFragment>
`;
