// Jest Snapshot v1, https://goo.gl/fbAQLP

exports[`TableList Component matches snapshot 1`] = `
<DocumentFragment>
  <div
    class="flex flex-col gap-3"
  />
</DocumentFragment>
`;
